// Jest Snapshot v1, https://goo.gl/fbAQLP

exports[`should extract CSS to a comment 1`] = `
"const background = 'yellow';
const Title = styled.component('h1', {
  name: \\"Title\\",
  class: \\"Title_t1ugh8t9\\",
  vars: {
    \\"t1ugh8t9-0-0\\": serif
  }
});
const Container = styled.component('div', {
  name: \\"Container\\",
  class: \\"Container_c1ugh8t9\\",
  vars: {
    \\"c1ugh8t9-1-0\\": regular,
    \\"c1ugh8t9-1-2\\": props => props.color
  }
});

/*
CSS OUTPUT START
.Title_t1ugh8t9{font-family:var(--t1ugh8t9-0-0);}
.Container_c1ugh8t9{font-family:var(--c1ugh8t9-1-0);background-color:yellow;color:var(--c1ugh8t9-1-2);width:33.333333333333336%;border:1px solid red;}.Container_c1ugh8t9:hover{border-color:blue;}

CSS OUTPUT END

CSS MAPPINGS:[{\\"generated\\":{\\"line\\":1,\\"column\\":0},\\"original\\":{\\"line\\":3,\\"column\\":6},\\"name\\":\\"Title_t1ugh8t9\\"},{\\"generated\\":{\\"line\\":2,\\"column\\":0},\\"original\\":{\\"line\\":7,\\"column\\":6},\\"name\\":\\"Container_c1ugh8t9\\"}]
*/"
`;
