// Jest Snapshot v1, https://goo.gl/fbAQLP

exports[`doesn't rewrite an absolute path in url() declarations 1`] = `
".tpyglzj{background-image:url(/assets/test.jpg);}
"
`;

exports[`rewrites a relative path in url() declarations 1`] = `
".tpyglzj{background-image:url(../linaria/assets/test.jpg);}
"
`;

exports[`rewrites multiple relative paths in url() declarations 1`] = `
"@font-face{font-family:Test;src:url(../linaria/assets/font.woff2) format(\\"woff2\\"),url(../linaria/assets/font.woff) format(\\"woff\\");}
"
`;
