// Jest Snapshot v1, https://goo.gl/fbAQLP

exports[`doesn't rewrite an absolute path in url() declarations 1`] = `
".tpyglzj{background-image:url(/assets/test.jpg);}
"
`;

exports[`rewrites a relative path in url() declarations 1`] = `
".tpyglzj{background-image:url(../assets/test.jpg);background-image:url(\\"../assets/test.jpg\\");background-image:url('../assets/test.jpg');}
"
`;

exports[`rewrites multiple relative paths in url() declarations 1`] = `
"@font-face{font-family:Test;src:url(../assets/font.woff2) format(\\"woff2\\"),url(../assets/font.woff) format(\\"woff\\");}
"
`;
