// Jest Snapshot v1, https://goo.gl/fbAQLP

exports[`preval-extract babel plugin with plain objects should preval styles with deeply destructurized object 1`] = `"font-size: 3em;"`;

exports[`preval-extract babel plugin with plain objects should preval styles with deeply destructurized object and aliases 1`] = `"font-size: 3em;"`;

exports[`preval-extract babel plugin with plain objects should preval styles with deeply destructurized object, aliases and defaults 1`] = `"font-size: 3em;"`;

exports[`preval-extract babel plugin with plain objects should preval styles with nested object 1`] = `"font-size: 3em;"`;

exports[`preval-extract babel plugin with plain objects should preval styles with shallow object 1`] = `"font-size: 3em;"`;

exports[`preval-extract babel plugin with plain objects should preval styles with shallowly destructurized object 1`] = `"font-size: 3em;"`;
