// Jest Snapshot v1, https://goo.gl/fbAQLP

exports[`babel/lib/errorUtils buildCodeFrameError should build code frame error 1`] = `
"Error: Test message
[0m [90m 1 | [39m[90m// comment[39m
[31m[1m>[22m[39m[90m 2 | [39m[36mthrow[39m [36mnew[39m [33mError[39m([32m\\"test\\"[39m)[33m;[39m
 [90m   | [39m       [31m[1m^[22m[39m[0m
at file1.js:2:8
at file2.js:12:4"
`;
